Program Version,EnergyPlus, Version 25.2.0-cf7368216c, YMD=2026.07.28 14:11,
   ** Warning ** ProcessScheduleInput: Schedule:Compact = PRE_TEST_HEAT_SOAK_SCH
   **   ~~~   ** Schedule Type Limits Name = FRACTION, item not found.
   **   ~~~   ** Schedule will not be validated.
   ************* Beginning Zone Sizing Calculations
   ** Warning ** Weather file location will be used rather than entered (IDF) Location object.
   **   ~~~   ** ..Location object=PERADENIYA_SRI_LANKA
   **   ~~~   ** ..Weather File Location=Colombo Western Sri Lanka CUSTOM-RIG-TEST WMO#=434000
   **   ~~~   ** ..due to location differences, Latitude difference=[0.35] degrees, Longitude difference=[0.73] degrees.
   **   ~~~   ** ..Time Zone difference=[0.5] hour(s), Elevation difference=[97.05] percent, [461.00] meters.
   ** Warning ** CheckUsedConstructions: There are 6 nominally unused constructions in input.
   **   ~~~   ** For explicit details on each unused construction, use Output:Diagnostics,DisplayExtraWarnings;
   ** Warning ** Calculated design heating load for zone=CHAMBER_THERMALZONE is zero.
   **   ~~~   ** Check Sizing:Zone and ZoneControl:Thermostat inputs.
   ** Warning ** Output:Meter: invalid Key Name="NATURALGAS:FACILITY" - not found.
   ************* Testing Individual Branch Integrity
   ************* All Branches passed integrity testing
   ************* Testing Individual Supply Air Path Integrity
   ************* All Supply Air Paths passed integrity testing
   ************* Testing Individual Return Air Path Integrity
   ************* All Return Air Paths passed integrity testing
   ************* No node connection errors were found.
   ************* Beginning Simulation
   ************* Simulation Error Summary *************
   ** Severe  ** Orphaned ZoneHVAC object found.  This was object never referenced in the input, and was not used.
   **   ~~~   **  -- Object type: ZoneHVAC:PackagedTerminalAirConditioner
   **   ~~~   **  -- Object name: Chamber_SplitAC
   ************* There are 5 unused objects in input.
   ************* Use Output:Diagnostics,DisplayUnusedObjects; to see them.
   *************
   ************* ===== Final Error Summary =====
   ************* The following error categories occurred.  Consider correcting or noting.
   ************* Nominally Unused Constructions
   ************* ..The nominally unused constructions warning is provided to alert you to potential conditions that can cause
   ************* ..extra time during simulation. Each construction is calculated by the algorithm indicated in the HeatBalanceAlgorithm
   ************* ..object. You may remove the constructions indicated (when you use the DisplayExtraWarnings option).
   *************
   ************* EnergyPlus Warmup Error Summary. During Warmup: 0 Warning; 0 Severe Errors.
   ************* EnergyPlus Sizing Error Summary. During Sizing: 3 Warning; 0 Severe Errors.
   ************* EnergyPlus Completed Successfully-- 5 Warning; 1 Severe Errors; Elapsed Time=00hr 00min  0.22sec
